---
source: sourcier-core/src/tests.rs
expression: content
snapshot_kind: text
---
"First\nSecond\nThird"
