---
source: sourcier-core/src/tests.rs
expression: val
snapshot_kind: text
---
- 1
- 2
